AR divider struct C:/Users/Alex/Documents/GitHub/Divisor-VHDL/DivisorGenerico/divider.vhd sub00/vhpl05 1448316649
EN cd NULL C:/Users/Alex/Documents/GitHub/Divisor-VHDL/DivisorGenerico/cd.vhd sub00/vhpl00 1448316644
AR cd rtl C:/Users/Alex/Documents/GitHub/Divisor-VHDL/DivisorGenerico/cd.vhd sub00/vhpl01 1448316645
EN divider NULL C:/Users/Alex/Documents/GitHub/Divisor-VHDL/DivisorGenerico/divider.vhd sub00/vhpl04 1448316648
AR uc rtl C:/Users/Alex/Documents/GitHub/Divisor-VHDL/DivisorGenerico/uc.vhd sub00/vhpl03 1448316647
EN uc NULL C:/Users/Alex/Documents/GitHub/Divisor-VHDL/DivisorGenerico/uc.vhd sub00/vhpl02 1448316646
